ERC report (2026-07-12T14:07:15+0000, Encoding UTF8)
Report includes: Errors, Warnings

***** Sheet /
[power_pin_not_driven]: Input Power pin not driven by any Output Power pins
    ; error
    @(115.57 mm, 33.02 mm): Symbol #PWR001 Pin 1 [Power input, Line]
[power_pin_not_driven]: Input Power pin not driven by any Output Power pins
    ; error
    @(139.70 mm, 57.15 mm): Symbol #PWR002 Pin 1 [Power input, Line]
[pin_not_connected]: Pin not connected
    ; error
    @(109.22 mm, 105.41 mm): Symbol R7 Pin 2 [Passive, Line]
[power_pin_not_driven]: Input Power pin not driven by any Output Power pins
    ; error
    @(130.81 mm, 95.25 mm): Symbol U3 Pin 8 [VCC, Power input, Line]
[power_pin_not_driven]: Input Power pin not driven by any Output Power pins
    ; error
    @(140.97 mm, 110.49 mm): Symbol #PWR004 Pin 1 [Power input, Line]
[power_pin_not_driven]: Input Power pin not driven by any Output Power pins
    ; error
    @(182.88 mm, 78.74 mm): Symbol U2 Pin 8 [VCC, Power input, Line]
[power_pin_not_driven]: Input Power pin not driven by any Output Power pins
    ; error
    @(151.13 mm, 148.59 mm): Symbol U4 Pin 8 [VCC, Power input, Line]
[power_pin_not_driven]: Input Power pin not driven by any Output Power pins
    ; error
    @(186.69 mm, 107.95 mm): Symbol #PWR005 Pin 1 [Power input, Line]
[pin_not_connected]: Pin not connected
    ; error
    @(191.77 mm, 113.03 mm): Symbol D2 Pin 2 [A, Passive, Line]
[power_pin_not_driven]: Input Power pin not driven by any Output Power pins
    ; error
    @(158.75 mm, 176.53 mm): Symbol #PWR003 Pin 1 [Power input, Line]
[lib_symbol_issues]: The current configuration does not include the symbol library 'Device'
    ; warning
    @(107.95 mm, 48.26 mm): Symbol R1 [R]
[lib_symbol_issues]: The current configuration does not include the symbol library 'Device'
    ; warning
    @(104.14 mm, 57.15 mm): Symbol R2 [R]
[lib_symbol_issues]: The current configuration does not include the symbol library 'power'
    ; warning
    @(115.57 mm, 33.02 mm): Symbol #PWR001 [VCC]
[lib_symbol_issues]: The current configuration does not include the symbol library '/home/claude/llmpcb/_work/parts/Timer'
    ; warning
    @(127.00 mm, 52.07 mm): Symbol U1 [NE555P]
[lib_symbol_issues]: The current configuration does not include the symbol library 'Device'
    ; warning
    @(128.27 mm, 68.58 mm): Symbol C1 [C]
[lib_symbol_issues]: The current configuration does not include the symbol library 'Device'
    ; warning
    @(109.22 mm, 101.60 mm): Symbol R7 [R]
[lib_symbol_issues]: The current configuration does not include the symbol library 'power'
    ; warning
    @(139.70 mm, 57.15 mm): Symbol #PWR002 [GND]
[lib_symbol_issues]: The current configuration does not include the symbol library 'Device'
    ; warning
    @(105.41 mm, 110.49 mm): Symbol R8 [R]
[lib_symbol_issues]: The current configuration does not include the symbol library 'Device'
    ; warning
    @(143.51 mm, 63.50 mm): Symbol C2 [C]
[lib_symbol_issues]: The current configuration does not include the symbol library 'Device'
    ; warning
    @(148.59 mm, 55.88 mm): Symbol R3 [R]
[lib_symbol_issues]: The current configuration does not include the symbol library '/home/claude/llmpcb/_work/parts/Timer'
    ; warning
    @(128.27 mm, 105.41 mm): Symbol U3 [NE555P]
[lib_symbol_issues]: The current configuration does not include the symbol library 'Device'
    ; warning
    @(151.13 mm, 69.85 mm): Symbol D1 [LED]
[lib_symbol_issues]: The current configuration does not include the symbol library 'Device'
    ; warning
    @(129.54 mm, 121.92 mm): Symbol C5 [C]
[lib_symbol_issues]: The current configuration does not include the symbol library 'power'
    ; warning
    @(140.97 mm, 110.49 mm): Symbol #PWR004 [GND2]
[lib_symbol_issues]: The current configuration does not include the symbol library 'Device'
    ; warning
    @(168.91 mm, 72.39 mm): Symbol R4 [R]
[lib_symbol_issues]: The current configuration does not include the symbol library 'Device'
    ; warning
    @(161.29 mm, 91.44 mm): Symbol R5 [R]
[lib_symbol_issues]: The current configuration does not include the symbol library 'Device'
    ; warning
    @(149.86 mm, 109.22 mm): Symbol R9 [R]
[lib_symbol_issues]: The current configuration does not include the symbol library 'Device'
    ; warning
    @(144.78 mm, 116.84 mm): Symbol C6 [C]
[lib_symbol_issues]: The current configuration does not include the symbol library 'Device'
    ; warning
    @(151.13 mm, 123.19 mm): Symbol D3 [LED]
[lib_symbol_issues]: The current configuration does not include the symbol library '/home/claude/llmpcb/_work/parts/Timer'
    ; warning
    @(180.34 mm, 88.90 mm): Symbol U2 [NE555P]
[lib_symbol_issues]: The current configuration does not include the symbol library 'Device'
    ; warning
    @(129.54 mm, 156.21 mm): Symbol R10 [R]
[lib_symbol_issues]: The current configuration does not include the symbol library 'Device'
    ; warning
    @(173.99 mm, 105.41 mm): Symbol C3 [C]
[lib_symbol_issues]: The current configuration does not include the symbol library 'Device'
    ; warning
    @(125.73 mm, 163.83 mm): Symbol R11 [R]
[lib_symbol_issues]: The current configuration does not include the symbol library 'Device'
    ; warning
    @(182.88 mm, 107.95 mm): Symbol C4 [C]
[lib_symbol_issues]: The current configuration does not include the symbol library 'power'
    ; warning
    @(186.69 mm, 107.95 mm): Symbol #PWR005 [GND1]
[lib_symbol_issues]: The current configuration does not include the symbol library '/home/claude/llmpcb/_work/parts/Timer'
    ; warning
    @(148.59 mm, 158.75 mm): Symbol U4 [NE555P]
[lib_symbol_issues]: The current configuration does not include the symbol library 'Device'
    ; warning
    @(195.58 mm, 95.25 mm): Symbol R6 [R]
[lib_symbol_issues]: The current configuration does not include the symbol library 'Device'
    ; warning
    @(191.77 mm, 109.22 mm): Symbol D2 [LED]
[lib_symbol_issues]: The current configuration does not include the symbol library 'Device'
    ; warning
    @(149.86 mm, 175.26 mm): Symbol C7 [C]
[lib_symbol_issues]: The current configuration does not include the symbol library 'Device'
    ; warning
    @(170.18 mm, 162.56 mm): Symbol R12 [R]
[lib_symbol_issues]: The current configuration does not include the symbol library 'Device'
    ; warning
    @(163.83 mm, 170.18 mm): Symbol C8 [C]
[lib_symbol_issues]: The current configuration does not include the symbol library 'power'
    ; warning
    @(158.75 mm, 176.53 mm): Symbol #PWR003 [GND3]
[lib_symbol_issues]: The current configuration does not include the symbol library 'Device'
    ; warning
    @(171.45 mm, 176.53 mm): Symbol D4 [LED]

 ** ERC messages: 43  Errors 10  Warnings 33
